<!DOCTYPE html>
<html>
<head><base href="http://localhost:49264/Home">
    <meta charset="utf-8" />
    <meta name="viewport" content="width=device-width, initial-scale=1.0">
    <title>Contact - My ASP.NET Application</title>
    <link href="/Content/bootstrap.css" rel="stylesheet"/>
<link href="/Content/site.css" rel="stylesheet"/>

    <script src="/Scripts/modernizr-2.6.2.js"></script>


</head>
<body>
    <div class="navbar navbar-inverse navbar-fixed-top">
        <div class="container">
            <div class="navbar-header">
                <button type="button" class="navbar-toggle" data-toggle="collapse" data-target=".navbar-collapse">
                    <span class="icon-bar"></span>
                    <span class="icon-bar"></span>
                    <span class="icon-bar"></span>
                </button>
                <a class="navbar-brand" href="/">Application name</a>
            </div>
            <div class="navbar-collapse collapse">
                <ul class="nav navbar-nav">
                    <li><a href="/">Home</a></li>
                    <li><a href="/Home/About">About</a></li>
                    <li><a href="/Home/Contact">Contact</a></li>
                </ul>
                    <ul class="nav navbar-nav navbar-right">
        <li><a href="/Account/Register" id="registerLink">Register</a></li>
        <li><a href="/Account/Login" id="loginLink">Log in</a></li>
    </ul>

            </div>
        </div>
    </div>
    <div class="container body-content">
        

<h2>Contact.</h2>
<h3>Your contact page.</h3>

<address>
    One Microsoft Way<br />
    Redmond, WA 98052-6399<br />
    <abbr title="Phone">P:</abbr>
    425.555.0100
</address>

<address>
    <strong>Support:</strong>   <a href="mailto:Support@example.com">Support@example.com</a><br />
    <strong>Marketing:</strong> <a href="mailto:Marketing@example.com">Marketing@example.com</a>
</address>
        <hr />
        <footer>
            <p>&copy; 2015 - My ASP.NET Application</p>
        </footer>
    </div>

    <script src="/Scripts/jquery-1.10.2.js"></script>

    <script src="/Scripts/bootstrap.js"></script>
<script src="/Scripts/respond.js"></script>

    
</body>
</html>
